<?php return array (
  0 => 'Symfony\\Bundle\\FrameworkBundle\\Controller\\AbstractController',
  1 => 'ApiPlatform\\Symfony\\Controller\\MainController',
  2 => 'Doctrine\\Bundle\\DoctrineBundle\\Controller\\ProfilerController',
  3 => 'Doctrine\\ORM\\Cache\\Persister\\Entity\\AbstractEntityPersister',
  4 => 'Doctrine\\ORM\\Cache\\Persister\\Entity\\CachedEntityPersister',
  5 => 'Doctrine\\ORM\\Cache\\Persister\\Entity\\NonStrictReadWriteCachedEntityPersister',
  6 => 'Doctrine\\ORM\\Cache\\Persister\\Entity\\ReadOnlyCachedEntityPersister',
  7 => 'Doctrine\\ORM\\Cache\\Persister\\Entity\\ReadWriteCachedEntityPersister',
  8 => 'Doctrine\\ORM\\Persisters\\Entity\\AbstractEntityInheritancePersister',
  9 => 'Doctrine\\ORM\\Persisters\\Entity\\BasicEntityPersister',
  10 => 'Doctrine\\ORM\\Persisters\\Entity\\CachedPersisterContext',
  11 => 'Doctrine\\ORM\\Persisters\\Entity\\EntityPersister',
  12 => 'Doctrine\\ORM\\Persisters\\Entity\\JoinedSubclassPersister',
  13 => 'Doctrine\\ORM\\Persisters\\Entity\\SingleTablePersister',
  14 => 'FOS\\JsRoutingBundle\\Controller\\Controller',
  15 => 'PrestaShopBundle\\Controller\\Admin\\CommonController',
  16 => 'PrestaShopBundle\\Controller\\Admin\\Configure\\AdvancedParameters\\AdminAPIController',
  17 => 'PrestaShopBundle\\Controller\\Admin\\Configure\\AdvancedParameters\\AdministrationController',
  18 => 'PrestaShopBundle\\Controller\\Admin\\Configure\\AdvancedParameters\\BackupController',
  19 => 'PrestaShopBundle\\Controller\\Admin\\Configure\\AdvancedParameters\\EmailController',
  20 => 'PrestaShopBundle\\Controller\\Admin\\Configure\\AdvancedParameters\\EmployeeController',
  21 => 'PrestaShopBundle\\Controller\\Admin\\Configure\\AdvancedParameters\\FeatureFlagController',
  22 => 'PrestaShopBundle\\Controller\\Admin\\Configure\\AdvancedParameters\\ImportController',
  23 => 'PrestaShopBundle\\Controller\\Admin\\Configure\\AdvancedParameters\\ImportDataConfigurationController',
  24 => 'PrestaShopBundle\\Controller\\Admin\\Configure\\AdvancedParameters\\LogsController',
  25 => 'PrestaShopBundle\\Controller\\Admin\\Configure\\AdvancedParameters\\MemcacheServerController',
  26 => 'PrestaShopBundle\\Controller\\Admin\\Configure\\AdvancedParameters\\PerformanceController',
  27 => 'PrestaShopBundle\\Controller\\Admin\\Configure\\AdvancedParameters\\PermissionController',
  28 => 'PrestaShopBundle\\Controller\\Admin\\Configure\\AdvancedParameters\\ProfileController',
  29 => 'PrestaShopBundle\\Controller\\Admin\\Configure\\AdvancedParameters\\SecurityController',
  30 => 'PrestaShopBundle\\Controller\\Admin\\Configure\\AdvancedParameters\\ShopController',
  31 => 'PrestaShopBundle\\Controller\\Admin\\Configure\\AdvancedParameters\\SqlManagerController',
  32 => 'PrestaShopBundle\\Controller\\Admin\\Configure\\AdvancedParameters\\SystemInformationController',
  33 => 'PrestaShopBundle\\Controller\\Admin\\Configure\\AdvancedParameters\\WebserviceController',
  34 => 'PrestaShopBundle\\Controller\\Admin\\Configure\\ShopParameters\\ContactsController',
  35 => 'PrestaShopBundle\\Controller\\Admin\\Configure\\ShopParameters\\CustomerGroupsController',
  36 => 'PrestaShopBundle\\Controller\\Admin\\Configure\\ShopParameters\\CustomerPreferencesController',
  37 => 'PrestaShopBundle\\Controller\\Admin\\Configure\\ShopParameters\\MaintenanceController',
  38 => 'PrestaShopBundle\\Controller\\Admin\\Configure\\ShopParameters\\MetaController',
  39 => 'PrestaShopBundle\\Controller\\Admin\\Configure\\ShopParameters\\OrderPreferencesController',
  40 => 'PrestaShopBundle\\Controller\\Admin\\Configure\\ShopParameters\\OrderStateController',
  41 => 'PrestaShopBundle\\Controller\\Admin\\Configure\\ShopParameters\\PreferencesController',
  42 => 'PrestaShopBundle\\Controller\\Admin\\Configure\\ShopParameters\\ProductPreferencesController',
  43 => 'PrestaShopBundle\\Controller\\Admin\\Configure\\ShopParameters\\SearchAliasController',
  44 => 'PrestaShopBundle\\Controller\\Admin\\Configure\\ShopParameters\\SearchEnginesController',
  45 => 'PrestaShopBundle\\Controller\\Admin\\Configure\\ShopParameters\\StoreController',
  46 => 'PrestaShopBundle\\Controller\\Admin\\Configure\\ShopParameters\\TitleController',
  47 => 'PrestaShopBundle\\Controller\\Admin\\Configure\\ShowcaseCardController',
  48 => 'PrestaShopBundle\\Controller\\Admin\\ErrorController',
  49 => 'PrestaShopBundle\\Controller\\Admin\\FrameworkBundleAdminController',
  50 => 'PrestaShopBundle\\Controller\\Admin\\Improve\\Design\\CmsPageController',
  51 => 'PrestaShopBundle\\Controller\\Admin\\Improve\\Design\\ImageSettingsController',
  52 => 'PrestaShopBundle\\Controller\\Admin\\Improve\\Design\\MailThemeController',
  53 => 'PrestaShopBundle\\Controller\\Admin\\Improve\\Design\\PositionsController',
  54 => 'PrestaShopBundle\\Controller\\Admin\\Improve\\Design\\ThemeController',
  55 => 'PrestaShopBundle\\Controller\\Admin\\Improve\\International\\CountryController',
  56 => 'PrestaShopBundle\\Controller\\Admin\\Improve\\International\\CurrencyController',
  57 => 'PrestaShopBundle\\Controller\\Admin\\Improve\\International\\GeolocationController',
  58 => 'PrestaShopBundle\\Controller\\Admin\\Improve\\International\\LanguageController',
  59 => 'PrestaShopBundle\\Controller\\Admin\\Improve\\International\\LocalizationController',
  60 => 'PrestaShopBundle\\Controller\\Admin\\Improve\\International\\StateController',
  61 => 'PrestaShopBundle\\Controller\\Admin\\Improve\\International\\TaxController',
  62 => 'PrestaShopBundle\\Controller\\Admin\\Improve\\International\\TaxRulesGroupController',
  63 => 'PrestaShopBundle\\Controller\\Admin\\Improve\\International\\TranslationsController',
  64 => 'PrestaShopBundle\\Controller\\Admin\\Improve\\International\\ZoneController',
  65 => 'PrestaShopBundle\\Controller\\Admin\\Improve\\ModuleController',
  66 => 'PrestaShopBundle\\Controller\\Admin\\Improve\\Modules\\AlertsController',
  67 => 'PrestaShopBundle\\Controller\\Admin\\Improve\\Modules\\ModuleAbstractController',
  68 => 'PrestaShopBundle\\Controller\\Admin\\Improve\\Modules\\UpdatesController',
  69 => 'PrestaShopBundle\\Controller\\Admin\\Improve\\Payment\\PaymentMethodsController',
  70 => 'PrestaShopBundle\\Controller\\Admin\\Improve\\Payment\\PaymentPreferencesController',
  71 => 'PrestaShopBundle\\Controller\\Admin\\Improve\\Shipping\\CarrierController',
  72 => 'PrestaShopBundle\\Controller\\Admin\\Improve\\Shipping\\PreferencesController',
  73 => 'PrestaShopBundle\\Controller\\Admin\\LegacyController',
  74 => 'PrestaShopBundle\\Controller\\Admin\\LoginController',
  75 => 'PrestaShopBundle\\Controller\\Admin\\PrestaShopAdminController',
  76 => 'PrestaShopBundle\\Controller\\Admin\\SecuredFileReaderController',
  77 => 'PrestaShopBundle\\Controller\\Admin\\SecurityController',
  78 => 'PrestaShopBundle\\Controller\\Admin\\Sell\\Address\\AddressController',
  79 => 'PrestaShopBundle\\Controller\\Admin\\Sell\\Catalog\\AttachmentController',
  80 => 'PrestaShopBundle\\Controller\\Admin\\Sell\\Catalog\\AttributeController',
  81 => 'PrestaShopBundle\\Controller\\Admin\\Sell\\Catalog\\AttributeGroupController',
  82 => 'PrestaShopBundle\\Controller\\Admin\\Sell\\Catalog\\CartRuleController',
  83 => 'PrestaShopBundle\\Controller\\Admin\\Sell\\Catalog\\CatalogPriceRuleController',
  84 => 'PrestaShopBundle\\Controller\\Admin\\Sell\\Catalog\\CategoryController',
  85 => 'PrestaShopBundle\\Controller\\Admin\\Sell\\Catalog\\FeatureController',
  86 => 'PrestaShopBundle\\Controller\\Admin\\Sell\\Catalog\\FeatureValueController',
  87 => 'PrestaShopBundle\\Controller\\Admin\\Sell\\Catalog\\ManufacturerController',
  88 => 'PrestaShopBundle\\Controller\\Admin\\Sell\\Catalog\\MonitoringController',
  89 => 'PrestaShopBundle\\Controller\\Admin\\Sell\\Catalog\\Product\\CombinationController',
  90 => 'PrestaShopBundle\\Controller\\Admin\\Sell\\Catalog\\Product\\ImageController',
  91 => 'PrestaShopBundle\\Controller\\Admin\\Sell\\Catalog\\Product\\ProductController',
  92 => 'PrestaShopBundle\\Controller\\Admin\\Sell\\Catalog\\Product\\SpecificPriceController',
  93 => 'PrestaShopBundle\\Controller\\Admin\\Sell\\Catalog\\StockController',
  94 => 'PrestaShopBundle\\Controller\\Admin\\Sell\\Catalog\\SupplierController',
  95 => 'PrestaShopBundle\\Controller\\Admin\\Sell\\CustomerService\\CustomerThreadController',
  96 => 'PrestaShopBundle\\Controller\\Admin\\Sell\\CustomerService\\MerchandiseReturnController',
  97 => 'PrestaShopBundle\\Controller\\Admin\\Sell\\CustomerService\\OrderMessageController',
  98 => 'PrestaShopBundle\\Controller\\Admin\\Sell\\Customer\\CustomerController',
  99 => 'PrestaShopBundle\\Controller\\Admin\\Sell\\Customer\\OutstandingController',
  100 => 'PrestaShopBundle\\Controller\\Admin\\Sell\\Order\\CartController',
  101 => 'PrestaShopBundle\\Controller\\Admin\\Sell\\Order\\CreditSlipController',
  102 => 'PrestaShopBundle\\Controller\\Admin\\Sell\\Order\\DeliveryController',
  103 => 'PrestaShopBundle\\Controller\\Admin\\Sell\\Order\\InvoicesController',
  104 => 'PrestaShopBundle\\Controller\\Admin\\Sell\\Order\\OrderController',
  105 => 'PrestaShopBundle\\Controller\\Api\\ApiController',
  106 => 'PrestaShopBundle\\Controller\\Api\\AttributeController',
  107 => 'PrestaShopBundle\\Controller\\Api\\CategoryController',
  108 => 'PrestaShopBundle\\Controller\\Api\\FeatureController',
  109 => 'PrestaShopBundle\\Controller\\Api\\I18nController',
  110 => 'PrestaShopBundle\\Controller\\Api\\Improve\\Design\\PositionsController',
  111 => 'PrestaShopBundle\\Controller\\Api\\ManufacturerController',
  112 => 'PrestaShopBundle\\Controller\\Api\\OAuth2\\AccessTokenController',
  113 => 'PrestaShopBundle\\Controller\\Api\\StockController',
  114 => 'PrestaShopBundle\\Controller\\Api\\StockMovementController',
  115 => 'PrestaShopBundle\\Controller\\Api\\SupplierController',
  116 => 'PrestaShopBundle\\Controller\\Api\\TranslationController',
  117 => 'PrestaShopBundle\\Controller\\ArgumentResolver\\FiltersBuilderResolver',
  118 => 'PrestaShopBundle\\Controller\\Attribute\\AllShopContext',
  119 => 'PrestaShopBundle\\Controller\\BulkActionsTrait',
  120 => 'PrestaShopBundle\\Controller\\Exception\\FieldNotFoundException',
  121 => 'PrestaShopBundle\\Entity\\AdminFilter',
  122 => 'PrestaShopBundle\\Entity\\ApiClient',
  123 => 'PrestaShopBundle\\Entity\\Attribute',
  124 => 'PrestaShopBundle\\Entity\\AttributeGroup',
  125 => 'PrestaShopBundle\\Entity\\AttributeGroupLang',
  126 => 'PrestaShopBundle\\Entity\\AttributeLang',
  127 => 'PrestaShopBundle\\Entity\\Employee\\AuthorizationRole',
  128 => 'PrestaShopBundle\\Entity\\Employee\\Employee',
  129 => 'PrestaShopBundle\\Entity\\Employee\\EmployeeSession',
  130 => 'PrestaShopBundle\\Entity\\Employee\\Profile',
  131 => 'PrestaShopBundle\\Entity\\FeatureFlag',
  132 => 'PrestaShopBundle\\Entity\\ImageType',
  133 => 'PrestaShopBundle\\Entity\\Lang',
  134 => 'PrestaShopBundle\\Entity\\ModuleHistory',
  135 => 'PrestaShopBundle\\Entity\\Mutation',
  136 => 'PrestaShopBundle\\Entity\\MutationAction',
  137 => 'PrestaShopBundle\\Entity\\MutatorType',
  138 => 'PrestaShopBundle\\Entity\\ProductDownload',
  139 => 'PrestaShopBundle\\Entity\\ProductIdentity',
  140 => 'PrestaShopBundle\\Entity\\Repository\\AdminFilterRepository',
  141 => 'PrestaShopBundle\\Entity\\Repository\\ApiClientRepository',
  142 => 'PrestaShopBundle\\Entity\\Repository\\AttributeGroupLangRepository',
  143 => 'PrestaShopBundle\\Entity\\Repository\\AttributeGroupRepository',
  144 => 'PrestaShopBundle\\Entity\\Repository\\AttributeLangRepository',
  145 => 'PrestaShopBundle\\Entity\\Repository\\AttributeRepository',
  146 => 'PrestaShopBundle\\Entity\\Repository\\CategoryRepository',
  147 => 'PrestaShopBundle\\Entity\\Repository\\EmployeeRepository',
  148 => 'PrestaShopBundle\\Entity\\Repository\\FeatureAttributeRepository',
  149 => 'PrestaShopBundle\\Entity\\Repository\\FeatureFlagRepository',
  150 => 'PrestaShopBundle\\Entity\\Repository\\ImageTypeRepository',
  151 => 'PrestaShopBundle\\Entity\\Repository\\ImportMatchRepository',
  152 => 'PrestaShopBundle\\Entity\\Repository\\LangRepository',
  153 => 'PrestaShopBundle\\Entity\\Repository\\LogRepository',
  154 => 'PrestaShopBundle\\Entity\\Repository\\ManufacturerRepository',
  155 => 'PrestaShopBundle\\Entity\\Repository\\ModuleRepository',
  156 => 'PrestaShopBundle\\Entity\\Repository\\MutationRepository',
  157 => 'PrestaShopBundle\\Entity\\Repository\\NormalizeFieldTrait',
  158 => 'PrestaShopBundle\\Entity\\Repository\\OrderInvoiceRepository',
  159 => 'PrestaShopBundle\\Entity\\Repository\\RequestSqlRepository',
  160 => 'PrestaShopBundle\\Entity\\Repository\\ShopGroupRepository',
  161 => 'PrestaShopBundle\\Entity\\Repository\\ShopRepository',
  162 => 'PrestaShopBundle\\Entity\\Repository\\StockManagementRepository',
  163 => 'PrestaShopBundle\\Entity\\Repository\\StockMovementRepository',
  164 => 'PrestaShopBundle\\Entity\\Repository\\StockRepository',
  165 => 'PrestaShopBundle\\Entity\\Repository\\SupplierRepository',
  166 => 'PrestaShopBundle\\Entity\\Repository\\TabLangRepository',
  167 => 'PrestaShopBundle\\Entity\\Repository\\TabRepository',
  168 => 'PrestaShopBundle\\Entity\\Repository\\TimezoneRepository',
  169 => 'PrestaShopBundle\\Entity\\Repository\\TranslationRepository',
  170 => 'PrestaShopBundle\\Entity\\Shop',
  171 => 'PrestaShopBundle\\Entity\\ShopGroup',
  172 => 'PrestaShopBundle\\Entity\\ShopUrl',
  173 => 'PrestaShopBundle\\Entity\\StockMvt',
  174 => 'PrestaShopBundle\\Entity\\Tab',
  175 => 'PrestaShopBundle\\Entity\\TabLang',
  176 => 'PrestaShopBundle\\Entity\\Translation',
  177 => 'PrestaShopBundle\\Security\\OAuth2\\Entity\\AccessToken',
  178 => 'PrestaShopBundle\\Security\\OAuth2\\Entity\\Client',
  179 => 'PrestaShopBundle\\Security\\OAuth2\\Entity\\ScopeEntity',
  180 => 'PrestaShop\\Module\\BlockWishList\\Controller\\WishlistConfigurationAdminController',
  181 => 'PrestaShop\\Module\\LinkList\\Controller\\Admin\\Improve\\Design\\LinkBlockController',
  182 => 'PrestaShop\\Module\\ProductComment\\Entity\\ProductComment',
  183 => 'PrestaShop\\Module\\ProductComment\\Entity\\ProductCommentCriterion',
  184 => 'PrestaShop\\Module\\ProductComment\\Entity\\ProductCommentCriterionLang',
  185 => 'PrestaShop\\Module\\ProductComment\\Entity\\ProductCommentGrade',
  186 => 'PrestaShop\\Module\\ProductComment\\Entity\\ProductCommentReport',
  187 => 'PrestaShop\\Module\\ProductComment\\Entity\\ProductCommentUsefulness',
  188 => 'PrestaShop\\PrestaShop\\Core\\Import\\Entity\\ImportEntityDeleterInterface',
  190 => 'Symfony\\Bundle\\FrameworkBundle\\Controller\\ControllerResolver',
  191 => 'Symfony\\Bundle\\FrameworkBundle\\Controller\\RedirectController',
  192 => 'Symfony\\Bundle\\FrameworkBundle\\Controller\\TemplateController',
  193 => 'Symfony\\Bundle\\WebProfilerBundle\\Controller\\ExceptionPanelController',
  194 => 'Symfony\\Bundle\\WebProfilerBundle\\Controller\\ProfilerController',
  195 => 'Symfony\\Bundle\\WebProfilerBundle\\Controller\\RouterController',
  196 => 'Symfony\\Component\\HttpKernel\\Controller\\ArgumentResolver',
  197 => 'Symfony\\Component\\HttpKernel\\Controller\\ArgumentResolverInterface',
  198 => 'Symfony\\Component\\HttpKernel\\Controller\\ArgumentResolver\\BackedEnumValueResolver',
  199 => 'Symfony\\Component\\HttpKernel\\Controller\\ArgumentResolver\\DateTimeValueResolver',
  200 => 'Symfony\\Component\\HttpKernel\\Controller\\ArgumentResolver\\DefaultValueResolver',
  201 => 'Symfony\\Component\\HttpKernel\\Controller\\ArgumentResolver\\NotTaggedControllerValueResolver',
  202 => 'Symfony\\Component\\HttpKernel\\Controller\\ArgumentResolver\\QueryParameterValueResolver',
  203 => 'Symfony\\Component\\HttpKernel\\Controller\\ArgumentResolver\\RequestAttributeValueResolver',
  204 => 'Symfony\\Component\\HttpKernel\\Controller\\ArgumentResolver\\RequestPayloadValueResolver',
  205 => 'Symfony\\Component\\HttpKernel\\Controller\\ArgumentResolver\\RequestValueResolver',
  206 => 'Symfony\\Component\\HttpKernel\\Controller\\ArgumentResolver\\ServiceValueResolver',
  207 => 'Symfony\\Component\\HttpKernel\\Controller\\ArgumentResolver\\SessionValueResolver',
  208 => 'Symfony\\Component\\HttpKernel\\Controller\\ArgumentResolver\\TraceableValueResolver',
  209 => 'Symfony\\Component\\HttpKernel\\Controller\\ArgumentResolver\\UidValueResolver',
  210 => 'Symfony\\Component\\HttpKernel\\Controller\\ArgumentResolver\\VariadicValueResolver',
  211 => 'Symfony\\Component\\HttpKernel\\Controller\\ArgumentValueResolverInterface',
  212 => 'Symfony\\Component\\HttpKernel\\Controller\\ContainerControllerResolver',
  213 => 'Symfony\\Component\\HttpKernel\\Controller\\ControllerReference',
  214 => 'Symfony\\Component\\HttpKernel\\Controller\\ControllerResolver',
  215 => 'Symfony\\Component\\HttpKernel\\Controller\\ControllerResolverInterface',
  216 => 'Symfony\\Component\\HttpKernel\\Controller\\ErrorController',
  217 => 'Symfony\\Component\\HttpKernel\\Controller\\TraceableArgumentResolver',
  218 => 'Symfony\\Component\\HttpKernel\\Controller\\TraceableControllerResolver',
  219 => 'Symfony\\Component\\HttpKernel\\Controller\\ValueResolverInterface',
  220 => 'Symfony\\Component\\Security\\Http\\Controller\\SecurityTokenValueResolver',
  221 => 'Symfony\\Component\\Security\\Http\\Controller\\UserValueResolver',
  222 => 'PrestaShop\\Module\\PsClassicEdition\\Controller\\AdminPsClassicEditionHomepageController',
  223 => 'PrestaShop\\Module\\PsClassicEdition\\Controller\\AdminPsClassicEditionPsAcademyController',
  224 => 'PrestaShop\\Module\\PsClassicEdition\\Controller\\AdminPsClassicEditionSetupGuideController',
  225 => 'PrestaShop\\Module\\Mbo\\Api\\Controller\\AbstractAdminApiController',
  226 => 'PrestaShop\\Module\\Mbo\\Controller\\Admin\\AddonsController',
  227 => 'PrestaShop\\Module\\Mbo\\Controller\\Admin\\ModuleCatalogController',
  228 => 'PrestaShop\\Module\\Mbo\\Controller\\Admin\\ModuleRecommendedController',
  229 => 'PrestaShop\\Module\\Mbo\\Controller\\Admin\\ModuleSelectionController',
  230 => 'PrestaShop\\Module\\Mbo\\Controller\\Admin\\ThemeCatalogController',
  231 => 'PrestaShop\\Module\\Psshipping\\Controller\\Admin\\PsshippingCarrierController',
  232 => 'PrestaShop\\Module\\Psshipping\\Controller\\Admin\\PsshippingConfigurationController',
  233 => 'PrestaShop\\Module\\Psshipping\\Controller\\Admin\\PsshippingFaqController',
  234 => 'PrestaShop\\Module\\Psshipping\\Controller\\Admin\\PsshippingHomeController',
  235 => 'PrestaShop\\Module\\Psshipping\\Controller\\Admin\\PsshippingKeycloakAuthController',
  236 => 'PrestaShop\\Module\\Psshipping\\Controller\\Admin\\PsshippingOrdersController',
  237 => 'PrestaShop\\Module\\PsAccounts\\Controller\\Admin\\OAuth2Controller',
  238 => 'PrestaShop\\Module\\PsAccounts\\Entity\\EmployeeAccount',
  239 => 'PrestaShop\\Module\\PsAccounts\\Http\\Controller\\AbstractRestController',
  240 => 'PrestaShop\\Module\\PsAccounts\\Http\\Controller\\AbstractShopRestController',
  241 => 'PrestaShop\\Module\\PsAccounts\\Http\\Controller\\AbstractV2RestController',
  242 => 'PrestaShop\\Module\\PsAccounts\\Http\\Controller\\AbstractV2ShopRestController',
  243 => 'PrestaShop\\Module\\PsAccounts\\Http\\Controller\\RestMethod',
  244 => 'PrestaShop\\Module\\PsAccounts\\Polyfill\\Traits\\Controller\\AjaxRender',
  245 => 'PrestaShop\\Module\\PrestashopCheckout\\Controller\\AbstractFrontController',
  246 => 'PrestaShop\\Module\\PrestashopCheckout\\Entity\\PsAccount',
  247 => 'PrestaShop\\Module\\PrestashopCheckout\\PayPal\\Order\\Entity\\PayPalOrder',
  248 => 'PrestaShop\\Module\\PrestashopCheckout\\PayPal\\Order\\Entity\\PayPalOrderAuthorization',
  249 => 'PrestaShop\\Module\\PrestashopCheckout\\PayPal\\Order\\Entity\\PayPalOrderCapture',
  250 => 'PrestaShop\\Module\\PrestashopCheckout\\PayPal\\Order\\Entity\\PayPalOrderPurchaseUnit',
  251 => 'PrestaShop\\Module\\PrestashopCheckout\\PayPal\\Order\\Entity\\PayPalOrderRefund',
  252 => 'PrestaShop\\Module\\PrestashopCheckout\\PayPal\\PaymentToken\\Entity\\PaymentToken',
);